#
# There is insufficient memory for the Java Runtime Environment to continue.
# Native memory allocation (mmap) failed to map 106954752 bytes. Error detail: G1 virtual space
# Possible reasons:
#   The system is out of physical RAM or swap space
#   This process is running with CompressedOops enabled, and the Java Heap may be blocking the growth of the native heap
# Possible solutions:
#   Reduce memory load on the system
#   Increase physical memory or swap space
#   Check if swap backing store is full
#   Decrease Java heap size (-Xmx/-Xms)
#   Decrease number of Java threads
#   Decrease Java thread stack sizes (-Xss)
#   Set larger code cache with -XX:ReservedCodeCacheSize=
#   JVM is running with Zero Based Compressed Oops mode in which the Java heap is
#     placed in the first 32GB address space. The Java Heap base address is the
#     maximum limit for the native heap growth. Please use -XX:HeapBaseMinAddress
#     to set the Java Heap base and to place the Java Heap above 32GB virtual address.
# This output file may be truncated or incomplete.
#
#  Out of Memory Error (os_windows.cpp:3925), pid=10956, tid=16452
#
# JRE version: OpenJDK Runtime Environment (21.0.9) (build 21.0.9+-14649483-b1163.86)
# Java VM: OpenJDK 64-Bit Server VM (21.0.9+-14649483-b1163.86, mixed mode, tiered, compressed oops, compressed class ptrs, g1 gc, windows-amd64)
# No core dump will be written. Minidumps are not enabled by default on client versions of Windows
#

---------------  S U M M A R Y ------------

Command Line: org.jetbrains.kotlin.cli.jvm.K2JVMCompiler @C:\Users\bhati\AndroidStudioProjects\VideoEditingApp\app\build\20260628_1746756130091560168.compiler.options

Host: 13th Gen Intel(R) Core(TM) i5-1335U, 12 cores, 15G,  Windows 11 , 64 bit Build 26100 (10.0.26100.7920)
Time: Sun Jun 28 10:38:35 2026 India Standard Time elapsed time: 29.023709 seconds (0d 0h 0m 29s)

---------------  T H R E A D  ---------------

Current thread (0x000001c97a043cb0):  VMThread "VM Thread"          [id=16452, stack(0x0000000bab600000,0x0000000bab700000) (1024K)]

Stack: [0x0000000bab600000,0x0000000bab700000]
Native frames: (J=compiled Java code, j=interpreted, Vv=VM code, C=native code)
V  [jvm.dll+0x6d6c99]
V  [jvm.dll+0x866b83]
V  [jvm.dll+0x86919e]
V  [jvm.dll+0x869883]
V  [jvm.dll+0x280776]
V  [jvm.dll+0x6d3555]
V  [jvm.dll+0x6c6bea]
V  [jvm.dll+0x3587fb]
V  [jvm.dll+0x360476]
V  [jvm.dll+0x3b2646]
V  [jvm.dll+0x3b2918]
V  [jvm.dll+0x32af0c]
V  [jvm.dll+0x32af97]
V  [jvm.dll+0x370e7c]
V  [jvm.dll+0x36f62e]
V  [jvm.dll+0x32a661]
V  [jvm.dll+0x36ed30]
V  [jvm.dll+0x86f608]
V  [jvm.dll+0x870984]
V  [jvm.dll+0x870ec0]
V  [jvm.dll+0x871153]
V  [jvm.dll+0x80f118]
V  [jvm.dll+0x6d54ed]
C  [ucrtbase.dll+0x37b0]
C  [KERNEL32.DLL+0x2e8d7]
C  [ntdll.dll+0x8c48c]

VM_Operation (0x0000000baaffb7c0): G1CollectForAllocation, mode: safepoint, requested by thread 0x000001c95b9797f0


---------------  P R O C E S S  ---------------

Threads class SMR info:
_java_thread_list=0x000001c90080a2e0, length=13, elements={
0x000001c95b9797f0, 0x000001c97a08e5c0, 0x000001c97a092190, 0x000001c97a0a4f50,
0x000001c97a0b1230, 0x000001c97a0b2170, 0x000001c97a0c4190, 0x000001c97a0c4800,
0x000001c97a0c9d50, 0x000001c97a0da800, 0x000001c97a26f970, 0x000001c97b6fd200,
0x000001c97b6fdfa0
}

Java Threads: ( => current thread )
  0x000001c95b9797f0 JavaThread "main"                              [_thread_blocked, id=9756, stack(0x0000000baaf00000,0x0000000bab000000) (1024K)]
  0x000001c97a08e5c0 JavaThread "Common-Cleaner"             daemon [_thread_blocked, id=2148, stack(0x0000000bab700000,0x0000000bab800000) (1024K)]
  0x000001c97a092190 JavaThread "Reference Handler"          daemon [_thread_blocked, id=6076, stack(0x0000000bab800000,0x0000000bab900000) (1024K)]
  0x000001c97a0a4f50 JavaThread "Finalizer"                  daemon [_thread_blocked, id=10560, stack(0x0000000bab900000,0x0000000baba00000) (1024K)]
  0x000001c97a0b1230 JavaThread "Signal Dispatcher"          daemon [_thread_blocked, id=1784, stack(0x0000000baba00000,0x0000000babb00000) (1024K)]
  0x000001c97a0b2170 JavaThread "Attach Listener"            daemon [_thread_blocked, id=6816, stack(0x0000000babb00000,0x0000000babc00000) (1024K)]
  0x000001c97a0c4190 JavaThread "Service Thread"             daemon [_thread_blocked, id=6904, stack(0x0000000babc00000,0x0000000babd00000) (1024K)]
  0x000001c97a0c4800 JavaThread "Monitor Deflation Thread"   daemon [_thread_blocked, id=12732, stack(0x0000000babd00000,0x0000000babe00000) (1024K)]
  0x000001c97a0c9d50 JavaThread "C2 CompilerThread0"         daemon [_thread_blocked, id=15304, stack(0x0000000babe00000,0x0000000babf00000) (1024K)]
  0x000001c97a0da800 JavaThread "C1 CompilerThread0"         daemon [_thread_blocked, id=2544, stack(0x0000000babf00000,0x0000000bac000000) (1024K)]
  0x000001c97a26f970 JavaThread "Notification Thread"        daemon [_thread_blocked, id=5200, stack(0x0000000bac000000,0x0000000bac100000) (1024K)]
  0x000001c97b6fd200 JavaThread "C2 CompilerThread1"         daemon [_thread_blocked, id=3152, stack(0x0000000baca00000,0x0000000bacb00000) (1024K)]
  0x000001c97b6fdfa0 JavaThread "C2 CompilerThread2"         daemon [_thread_blocked, id=3040, stack(0x0000000bacb00000,0x0000000bacc00000) (1024K)]
Total: 13

Other Threads:
=>0x000001c97a043cb0 VMThread "VM Thread"                           [id=16452, stack(0x0000000bab600000,0x0000000bab700000) (1024K)]
  0x000001c9755bcf90 WatcherThread "VM Periodic Task Thread"        [id=18252, stack(0x0000000bab500000,0x0000000bab600000) (1024K)]
  0x000001c95b9e0080 WorkerThread "GC Thread#0"                     [id=7576, stack(0x0000000bab000000,0x0000000bab100000) (1024K)]
  0x000001c97a9e1fb0 WorkerThread "GC Thread#1"                     [id=13064, stack(0x0000000bac200000,0x0000000bac300000) (1024K)]
  0x000001c97a9e2350 WorkerThread "GC Thread#2"                     [id=12160, stack(0x0000000bac300000,0x0000000bac400000) (1024K)]
  0x000001c97a9e26f0 WorkerThread "GC Thread#3"                     [id=10712, stack(0x0000000bac400000,0x0000000bac500000) (1024K)]
  0x000001c97a9e2a90 WorkerThread "GC Thread#4"                     [id=3596, stack(0x0000000bac500000,0x0000000bac600000) (1024K)]
  0x000001c97a9c7270 WorkerThread "GC Thread#5"                     [id=15940, stack(0x0000000bac600000,0x0000000bac700000) (1024K)]
  0x000001c97aab9fd0 WorkerThread "GC Thread#6"                     [id=3192, stack(0x0000000bac100000,0x0000000bac200000) (1024K)]
  0x000001c97aaba370 WorkerThread "GC Thread#7"                     [id=8568, stack(0x0000000bac700000,0x0000000bac800000) (1024K)]
  0x000001c97b1076b0 WorkerThread "GC Thread#8"                     [id=13212, stack(0x0000000bacc00000,0x0000000bacd00000) (1024K)]
  0x000001c97b1093b0 WorkerThread "GC Thread#9"                     [id=1920, stack(0x0000000bacd00000,0x0000000bace00000) (1024K)]
  0x000001c95b9f19b0 ConcurrentGCThread "G1 Main Marker"            [id=13556, stack(0x0000000bab100000,0x0000000bab200000) (1024K)]
  0x000001c95b9f2c50 WorkerThread "G1 Conc#0"                       [id=4212, stack(0x0000000bab200000,0x0000000bab300000) (1024K)]
  0x000001c97aaba710 WorkerThread "G1 Conc#1"                       [id=1080, stack(0x0000000bac800000,0x0000000bac900000) (1024K)]
  0x000001c97aabaab0 WorkerThread "G1 Conc#2"                       [id=8716, stack(0x0000000bac900000,0x0000000baca00000) (1024K)]
  0x000001c975485620 ConcurrentGCThread "G1 Refine#0"               [id=14640, stack(0x0000000bab300000,0x0000000bab400000) (1024K)]
  0x000001c975487040 ConcurrentGCThread "G1 Service"                [id=9604, stack(0x0000000bab400000,0x0000000bab500000) (1024K)]
Total: 18

Threads with active compile tasks:
C2 CompilerThread0  29064 3712   !   4       org.jetbrains.kotlin.metadata.ProtoBuf$Type::<init> (875 bytes)
C2 CompilerThread1  29064 3724       4       org.jetbrains.kotlin.metadata.ProtoBuf$Type::isInitialized (145 bytes)
C2 CompilerThread2  29064 3721   !   4       org.jetbrains.kotlin.metadata.ProtoBuf$Type$Argument::<init> (401 bytes)
Total: 3

VM state: at safepoint (normal execution)

VM Mutex/Monitor currently owned by a thread:  ([mutex/lock_event])
[0x00007ffe39ee8690] Threads_lock - owner thread: 0x000001c97a043cb0
[0x00007ffe39ee8790] Heap_lock - owner thread: 0x000001c95b9797f0

Heap address: 0x0000000704e00000, size: 4018 MB, Compressed Oops mode: Zero based, Oop shift amount: 3

CDS archive(s) not mapped
Compressed class space mapped at: 0x0000000800000000-0x0000000840000000, reserved size: 1073741824
Narrow klass base: 0x0000000800000000, Narrow klass shift: 0, Narrow klass range: 0x40000000

GC Precious Log:
 CardTable entry size: 512
 Card Set container configuration: InlinePtr #cards 4 size 8 Array Of Cards #cards 16 size 48 Howl #buckets 8 coarsen threshold 3686 Howl Bitmap #cards 512 size 80 coarsen threshold 460 Card regions per heap region 1 cards per card region 4096
 CPUs: 12 total, 12 available
 Memory: 16067M
 Large Page Support: Disabled
 NUMA Support: Disabled
 Compressed Oops: Enabled (Zero based)
 Heap Region Size: 2M
 Heap Min Capacity: 8M
 Heap Initial Capacity: 252M
 Heap Max Capacity: 4018M
 Pre-touch: Disabled
 Parallel Workers: 10
 Concurrent Workers: 3
 Concurrent Refinement Workers: 10
 Periodic GC: Disabled

Heap:
 garbage-first heap   total 49152K, used 32040K [0x0000000704e00000, 0x0000000800000000)
  region size 2048K, 1 young (2048K), 1 survivors (2048K)
 Metaspace       used 49962K, committed 50240K, reserved 1114112K
  class space    used 5886K, committed 6016K, reserved 1048576K

Heap Regions: E=young(eden), S=young(survivor), O=old, HS=humongous(starts), HC=humongous(continues), CS=collection set, F=free, TAMS=top-at-mark-start, PB=parsable bottom
|   0|0x0000000704e00000, 0x0000000705000000, 0x0000000705000000|100%|HS|  |TAMS 0x0000000704e00000| PB 0x0000000704e00000| Complete 
|   1|0x0000000705000000, 0x0000000705200000, 0x0000000705200000|100%|HC|  |TAMS 0x0000000705000000| PB 0x0000000705000000| Complete 
|   2|0x0000000705200000, 0x0000000705400000, 0x0000000705400000|100%| O|  |TAMS 0x0000000705200000| PB 0x0000000705200000| Untracked 
|   3|0x0000000705400000, 0x0000000705600000, 0x0000000705600000|100%| O|  |TAMS 0x0000000705400000| PB 0x0000000705400000| Untracked 
|   4|0x0000000705600000, 0x0000000705800000, 0x0000000705800000|100%| O|  |TAMS 0x0000000705600000| PB 0x0000000705600000| Untracked 
|   5|0x0000000705800000, 0x0000000705a00000, 0x0000000705a00000|100%| O|  |TAMS 0x0000000705800000| PB 0x0000000705800000| Untracked 
|   6|0x0000000705a00000, 0x0000000705c00000, 0x0000000705c00000|100%| O|  |TAMS 0x0000000705a00000| PB 0x0000000705a00000| Untracked 
|   7|0x0000000705c00000, 0x0000000705e00000, 0x0000000705e00000|100%| O|Cm|TAMS 0x0000000705c00000| PB 0x0000000705c00000| Complete 
|   8|0x0000000705e00000, 0x0000000706000000, 0x0000000706000000|100%| O|  |TAMS 0x0000000705e00000| PB 0x0000000705e00000| Untracked 
|   9|0x0000000706000000, 0x0000000706200000, 0x0000000706200000|100%| O|  |TAMS 0x0000000706000000| PB 0x0000000706000000| Untracked 
|  10|0x0000000706200000, 0x0000000706400000, 0x0000000706400000|100%| O|  |TAMS 0x0000000706200000| PB 0x0000000706200000| Untracked 
|  11|0x0000000706400000, 0x0000000706600000, 0x0000000706600000|100%| O|  |TAMS 0x0000000706400000| PB 0x0000000706400000| Untracked 
|  12|0x0000000706600000, 0x0000000706800000, 0x0000000706800000|100%| O|  |TAMS 0x0000000706600000| PB 0x0000000706600000| Untracked 
|  13|0x0000000706800000, 0x000000070694a1a0, 0x0000000706a00000| 64%| O|  |TAMS 0x0000000706800000| PB 0x0000000706800000| Untracked 
|  14|0x0000000706a00000, 0x0000000706a00000, 0x0000000706c00000|  0%| F|  |TAMS 0x0000000706a00000| PB 0x0000000706a00000| Untracked 
|  15|0x0000000706c00000, 0x0000000706e00000, 0x0000000706e00000|100%| S|CS|TAMS 0x0000000706c00000| PB 0x0000000706c00000| Complete 
|  16|0x0000000706e00000, 0x0000000706e00000, 0x0000000707000000|  0%| F|  |TAMS 0x0000000706e00000| PB 0x0000000706e00000| Untracked 
|  17|0x0000000707000000, 0x0000000707000000, 0x0000000707200000|  0%| F|  |TAMS 0x0000000707000000| PB 0x0000000707000000| Untracked 
|  18|0x0000000707200000, 0x0000000707200000, 0x0000000707400000|  0%| F|  |TAMS 0x0000000707200000| PB 0x0000000707200000| Untracked 
| 109|0x0000000712800000, 0x0000000712800000, 0x0000000712a00000|  0%| F|  |TAMS 0x0000000712800000| PB 0x0000000712800000| Untracked 
| 110|0x0000000712a00000, 0x0000000712a00000, 0x0000000712c00000|  0%| F|  |TAMS 0x0000000712a00000| PB 0x0000000712a00000| Untracked 
| 111|0x0000000712c00000, 0x0000000712c00000, 0x0000000712e00000|  0%| F|  |TAMS 0x0000000712c00000| PB 0x0000000712c00000| Untracked 
| 125|0x0000000714800000, 0x0000000714800000, 0x0000000714a00000|  0%| F|  |TAMS 0x0000000714800000| PB 0x0000000714800000| Untracked 
|2008|0x00000007ffe00000, 0x0000000800000000, 0x0000000800000000|100%| O|  |TAMS 0x00000007ffe00000| PB 0x00000007ffe00000| Untracked 

Card table byte_map: [0x000001c96e810000,0x000001c96eff0000] _byte_map_base: 0x000001c96afe9000

Marking Bits: (CMBitMap*) 0x000001c95b9e0780
 Bits: [0x000001c96eff0000, 0x000001c972eb8000)

Polling page: 0x000001c959830000

Metaspace:

Usage:
  Non-class:     43.04 MB used.
      Class:      5.75 MB used.
       Both:     48.79 MB used.

Virtual space:
  Non-class space:       64.00 MB reserved,      43.19 MB ( 67%) committed,  1 nodes.
      Class space:        1.00 GB reserved,       5.88 MB ( <1%) committed,  1 nodes.
             Both:        1.06 GB reserved,      49.06 MB (  5%) committed. 

Chunk freelists:
   Non-Class:  4.81 MB
       Class:  10.17 MB
        Both:  14.98 MB

MaxMetaspaceSize: unlimited
CompressedClassSpaceSize: 1.00 GB
Initial GC threshold: 21.00 MB
Current GC threshold: 81.81 MB
CDS: off
 - commit_granule_bytes: 65536.
 - commit_granule_words: 8192.
 - virtual_space_node_default_size: 8388608.
 - enlarge_chunks_in_place: 1.
 - use_allocation_guard: 0.


Internal statistics:

num_allocs_failed_limit: 6.
num_arena_births: 224.
num_arena_deaths: 0.
num_vsnodes_births: 2.
num_vsnodes_deaths: 0.
num_space_committed: 784.
num_space_uncommitted: 0.
num_chunks_returned_to_freelist: 6.
num_chunks_taken_from_freelist: 1611.
num_chunk_merges: 6.
num_chunk_splits: 1370.
num_chunks_enlarged: 1236.
num_inconsistent_stats: 0.

CodeHeap 'non-profiled nmethods': size=120000Kb used=1758Kb max_used=1820Kb free=118242Kb
 bounds [0x000001c9665b0000, 0x000001c966820000, 0x000001c96dae0000]
CodeHeap 'profiled nmethods': size=120000Kb used=6833Kb max_used=7212Kb free=113166Kb
 bounds [0x000001c95eae0000, 0x000001c95f220000, 0x000001c966010000]
CodeHeap 'non-nmethods': size=5760Kb used=1457Kb max_used=1502Kb free=4303Kb
 bounds [0x000001c966010000, 0x000001c966280000, 0x000001c9665b0000]
CodeCache: size=245760Kb, used=10048Kb, max_used=10534Kb, free=235711Kb
 total_blobs=3972, nmethods=3347, adapters=529, full_count=0
Compilation: enabled, stopped_count=0, restarted_count=0

Compilation events (20 events):
Event: 26.962 Thread 0x000001c97a0da800 3715       3       org.jetbrains.kotlin.metadata.jvm.JvmProtoBuf$JvmMethodSignature::access$2002 (7 bytes)
Event: 26.962 Thread 0x000001c97a0da800 nmethod 3715 0x000001c95eb84910 code [0x000001c95eb84aa0, 0x000001c95eb84b98]
Event: 26.962 Thread 0x000001c97a0da800 3716       3       org.jetbrains.kotlin.metadata.jvm.JvmProtoBuf$JvmMethodSignature::access$2102 (7 bytes)
Event: 26.962 Thread 0x000001c97a0da800 nmethod 3716 0x000001c95eb86010 code [0x000001c95eb861a0, 0x000001c95eb86298]
Event: 26.962 Thread 0x000001c97a0da800 3717       3       org.jetbrains.kotlin.metadata.jvm.JvmProtoBuf$JvmMethodSignature::access$2202 (7 bytes)
Event: 26.962 Thread 0x000001c97a0da800 nmethod 3717 0x000001c95ec57e90 code [0x000001c95ec58020, 0x000001c95ec58118]
Event: 26.963 Thread 0x000001c97a0da800 3718       3       org.jetbrains.kotlin.metadata.ProtoBuf$Type$Argument$Projection::valueOf (50 bytes)
Event: 26.963 Thread 0x000001c97a0da800 nmethod 3718 0x000001c95eb41f90 code [0x000001c95eb42160, 0x000001c95eb423b0]
Event: 26.965 Thread 0x000001c97a0da800 3719       3       org.jetbrains.kotlin.metadata.jvm.JvmProtoBuf$JvmMethodSignature$Builder::buildPartial (65 bytes)
Event: 26.966 Thread 0x000001c97a0da800 nmethod 3719 0x000001c95ebb1610 code [0x000001c95ebb1800, 0x000001c95ebb1d78]
Event: 26.974 Thread 0x000001c97a0c9d50 nmethod 3705% 0x000001c966671c90 code [0x000001c966671e60, 0x000001c966672478]
Event: 26.974 Thread 0x000001c97a0c9d50 3712   !   4       org.jetbrains.kotlin.metadata.ProtoBuf$Type::<init> (875 bytes)
Event: 26.991 Thread 0x000001c97a0da800 3725       3       java.util.Collections$SingletonSet::iterator (8 bytes)
Event: 26.991 Thread 0x000001c97a0da800 nmethod 3725 0x000001c95ee0fa90 code [0x000001c95ee0fc40, 0x000001c95ee0ff30]
Event: 26.992 Thread 0x000001c97a0da800 3726   !   3       org.jetbrains.kotlin.com.intellij.util.io.FileAccessorCache::getIfCached (38 bytes)
Event: 26.992 Thread 0x000001c97b6fd200 3724       4       org.jetbrains.kotlin.metadata.ProtoBuf$Type::isInitialized (145 bytes)
Event: 26.993 Thread 0x000001c97b6fdfa0 3721   !   4       org.jetbrains.kotlin.metadata.ProtoBuf$Type$Argument::<init> (401 bytes)
Event: 26.993 Thread 0x000001c97a0da800 nmethod 3726 0x000001c95ebab590 code [0x000001c95ebab760, 0x000001c95ebabc08]
Event: 26.994 Thread 0x000001c97a0da800 3727       3       sun.management.ThreadImpl::isThreadCpuTimeEnabled (29 bytes)
Event: 26.995 Thread 0x000001c97a0da800 nmethod 3727 0x000001c95ec2d310 code [0x000001c95ec2d500, 0x000001c95ec2da70]

GC Heap History (20 events):
Event: 1.872 GC heap after
{Heap after GC invocations=2 (full 0):
 garbage-first heap   total 258048K, used 8682K [0x0000000704e00000, 0x0000000800000000)
  region size 2048K, 3 young (6144K), 3 survivors (6144K)
 Metaspace       used 21323K, committed 21504K, reserved 1114112K
  class space    used 2285K, committed 2368K, reserved 1048576K
}
Event: 2.473 GC heap before
{Heap before GC invocations=3 (full 0):
 garbage-first heap   total 34816K, used 33258K [0x0000000704e00000, 0x0000000800000000)
  region size 2048K, 15 young (30720K), 3 survivors (6144K)
 Metaspace       used 25582K, committed 25792K, reserved 1114112K
  class space    used 2818K, committed 2880K, reserved 1048576K
}
Event: 2.485 GC heap after
{Heap after GC invocations=4 (full 0):
 garbage-first heap   total 47104K, used 14638K [0x0000000704e00000, 0x0000000800000000)
  region size 2048K, 6 young (12288K), 6 survivors (12288K)
 Metaspace       used 25582K, committed 25792K, reserved 1114112K
  class space    used 2818K, committed 2880K, reserved 1048576K
}
Event: 2.875 GC heap before
{Heap before GC invocations=4 (full 0):
 garbage-first heap   total 47104K, used 28974K [0x0000000704e00000, 0x0000000800000000)
  region size 2048K, 13 young (26624K), 6 survivors (12288K)
 Metaspace       used 28359K, committed 28672K, reserved 1114112K
  class space    used 3119K, committed 3264K, reserved 1048576K
}
Event: 2.886 GC heap after
{Heap after GC invocations=5 (full 0):
 garbage-first heap   total 47104K, used 16416K [0x0000000704e00000, 0x0000000800000000)
  region size 2048K, 1 young (2048K), 1 survivors (2048K)
 Metaspace       used 28359K, committed 28672K, reserved 1114112K
  class space    used 3119K, committed 3264K, reserved 1048576K
}
Event: 5.036 GC heap before
{Heap before GC invocations=5 (full 0):
 garbage-first heap   total 47104K, used 32800K [0x0000000704e00000, 0x0000000800000000)
  region size 2048K, 10 young (20480K), 1 survivors (2048K)
 Metaspace       used 34308K, committed 34624K, reserved 1114112K
  class space    used 4277K, committed 4416K, reserved 1048576K
}
Event: 5.044 GC heap after
{Heap after GC invocations=6 (full 0):
 garbage-first heap   total 47104K, used 16900K [0x0000000704e00000, 0x0000000800000000)
  region size 2048K, 1 young (2048K), 1 survivors (2048K)
 Metaspace       used 34308K, committed 34624K, reserved 1114112K
  class space    used 4277K, committed 4416K, reserved 1048576K
}
Event: 9.561 GC heap before
{Heap before GC invocations=6 (full 0):
 garbage-first heap   total 47104K, used 29188K [0x0000000704e00000, 0x0000000800000000)
  region size 2048K, 8 young (16384K), 1 survivors (2048K)
 Metaspace       used 35725K, committed 35968K, reserved 1114112K
  class space    used 4423K, committed 4544K, reserved 1048576K
}
Event: 9.581 GC heap after
{Heap after GC invocations=7 (full 0):
 garbage-first heap   total 47104K, used 20311K [0x0000000704e00000, 0x0000000800000000)
  region size 2048K, 2 young (4096K), 2 survivors (4096K)
 Metaspace       used 35725K, committed 35968K, reserved 1114112K
  class space    used 4423K, committed 4544K, reserved 1048576K
}
Event: 12.845 GC heap before
{Heap before GC invocations=8 (full 0):
 garbage-first heap   total 47104K, used 36695K [0x0000000704e00000, 0x0000000800000000)
  region size 2048K, 10 young (20480K), 2 survivors (4096K)
 Metaspace       used 39225K, committed 39488K, reserved 1114112K
  class space    used 4813K, committed 4928K, reserved 1048576K
}
Event: 12.861 GC heap after
{Heap after GC invocations=9 (full 0):
 garbage-first heap   total 47104K, used 21292K [0x0000000704e00000, 0x0000000800000000)
  region size 2048K, 1 young (2048K), 1 survivors (2048K)
 Metaspace       used 39225K, committed 39488K, reserved 1114112K
  class space    used 4813K, committed 4928K, reserved 1048576K
}
Event: 16.774 GC heap before
{Heap before GC invocations=9 (full 0):
 garbage-first heap   total 47104K, used 35628K [0x0000000704e00000, 0x0000000800000000)
  region size 2048K, 9 young (18432K), 1 survivors (2048K)
 Metaspace       used 43838K, committed 44096K, reserved 1114112K
  class space    used 5260K, committed 5376K, reserved 1048576K
}
Event: 16.790 GC heap after
{Heap after GC invocations=10 (full 0):
 garbage-first heap   total 47104K, used 22267K [0x0000000704e00000, 0x0000000800000000)
  region size 2048K, 1 young (2048K), 1 survivors (2048K)
 Metaspace       used 43838K, committed 44096K, reserved 1114112K
  class space    used 5260K, committed 5376K, reserved 1048576K
}
Event: 21.184 GC heap before
{Heap before GC invocations=10 (full 0):
 garbage-first heap   total 47104K, used 36603K [0x0000000704e00000, 0x0000000800000000)
  region size 2048K, 9 young (18432K), 1 survivors (2048K)
 Metaspace       used 48029K, committed 48320K, reserved 1114112K
  class space    used 5709K, committed 5824K, reserved 1048576K
}
Event: 21.196 GC heap after
{Heap after GC invocations=11 (full 0):
 garbage-first heap   total 47104K, used 23313K [0x0000000704e00000, 0x0000000800000000)
  region size 2048K, 2 young (4096K), 2 survivors (4096K)
 Metaspace       used 48029K, committed 48320K, reserved 1114112K
  class space    used 5709K, committed 5824K, reserved 1048576K
}
Event: 24.426 GC heap before
{Heap before GC invocations=11 (full 0):
 garbage-first heap   total 47104K, used 39697K [0x0000000704e00000, 0x0000000800000000)
  region size 2048K, 10 young (20480K), 2 survivors (4096K)
 Metaspace       used 49739K, committed 49920K, reserved 1114112K
  class space    used 5866K, committed 5952K, reserved 1048576K
}
Event: 25.481 GC heap after
{Heap after GC invocations=12 (full 0):
 garbage-first heap   total 49152K, used 26648K [0x0000000704e00000, 0x0000000800000000)
  region size 2048K, 2 young (4096K), 2 survivors (4096K)
 Metaspace       used 49739K, committed 49920K, reserved 1114112K
  class space    used 5866K, committed 5952K, reserved 1048576K
}
Event: 26.257 GC heap before
{Heap before GC invocations=12 (full 0):
 garbage-first heap   total 49152K, used 28696K [0x0000000704e00000, 0x0000000800000000)
  region size 2048K, 3 young (6144K), 2 survivors (4096K)
 Metaspace       used 49934K, committed 50240K, reserved 1114112K
  class space    used 5884K, committed 6016K, reserved 1048576K
}
Event: 26.273 GC heap after
{Heap after GC invocations=13 (full 0):
 garbage-first heap   total 49152K, used 27327K [0x0000000704e00000, 0x0000000800000000)
  region size 2048K, 1 young (2048K), 1 survivors (2048K)
 Metaspace       used 49934K, committed 50240K, reserved 1114112K
  class space    used 5884K, committed 6016K, reserved 1048576K
}
Event: 26.995 GC heap before
{Heap before GC invocations=14 (full 0):
 garbage-first heap   total 49152K, used 39615K [0x0000000704e00000, 0x0000000800000000)
  region size 2048K, 7 young (14336K), 1 survivors (2048K)
 Metaspace       used 49962K, committed 50240K, reserved 1114112K
  class space    used 5886K, committed 6016K, reserved 1048576K
}

Dll operation events (3 events):
Event: 0.020 Loaded shared library C:\Program Files\Android\Android Studio\jbr\bin\java.dll
Event: 0.033 Loaded shared library C:\Program Files\Android\Android Studio\jbr\bin\zip.dll
Event: 2.533 Loaded shared library C:\Program Files\Android\Android Studio\jbr\bin\verify.dll

Deoptimization events (20 events):
Event: 21.394 Thread 0x000001c95b9797f0 DEOPT PACKING pc=0x000001c966656204 sp=0x0000000baaffb530
Event: 21.394 Thread 0x000001c95b9797f0 DEOPT UNPACKING pc=0x000001c966064422 sp=0x0000000baaffb4d8 mode 2
Event: 21.400 Thread 0x000001c95b9797f0 Uncommon trap: trap_request=0xffffff45 fr.pc=0x000001c9666b13fc relative=0x000000000000291c
Event: 21.400 Thread 0x000001c95b9797f0 Uncommon trap: reason=unstable_if action=reinterpret pc=0x000001c9666b13fc method=org.jetbrains.kotlin.metadata.ProtoBuf$Type.<init>(Lorg/jetbrains/kotlin/protobuf/CodedInputStream;Lorg/jetbrains/kotlin/protobuf/ExtensionRegistryLite;)V @ 49 c2
Event: 21.400 Thread 0x000001c95b9797f0 DEOPT PACKING pc=0x000001c9666b13fc sp=0x0000000baaffb710
Event: 21.400 Thread 0x000001c95b9797f0 DEOPT UNPACKING pc=0x000001c966064422 sp=0x0000000baaffb6b8 mode 2
Event: 21.483 Thread 0x000001c95b9797f0 DEOPT PACKING pc=0x000001c95f0d0bb4 sp=0x0000000baaffbf80
Event: 21.483 Thread 0x000001c95b9797f0 DEOPT UNPACKING pc=0x000001c966064bc2 sp=0x0000000baaffb550 mode 0
Event: 21.509 Thread 0x000001c95b9797f0 Uncommon trap: trap_request=0xffffff45 fr.pc=0x000001c966690730 relative=0x0000000000000350
Event: 21.509 Thread 0x000001c95b9797f0 Uncommon trap: reason=unstable_if action=reinterpret pc=0x000001c966690730 method=java.util.HashMap.hash(Ljava/lang/Object;)I @ 1 c2
Event: 21.509 Thread 0x000001c95b9797f0 DEOPT PACKING pc=0x000001c966690730 sp=0x0000000baaffc670
Event: 21.509 Thread 0x000001c95b9797f0 DEOPT UNPACKING pc=0x000001c966064422 sp=0x0000000baaffc518 mode 2
Event: 21.712 Thread 0x000001c95b9797f0 Uncommon trap: trap_request=0xffffff45 fr.pc=0x000001c966660988 relative=0x00000000000000e8
Event: 21.712 Thread 0x000001c95b9797f0 Uncommon trap: reason=unstable_if action=reinterpret pc=0x000001c966660988 method=java.lang.Integer.valueOf(I)Ljava/lang/Integer; @ 3 c2
Event: 21.712 Thread 0x000001c95b9797f0 DEOPT PACKING pc=0x000001c966660988 sp=0x0000000baaffc5e0
Event: 21.712 Thread 0x000001c95b9797f0 DEOPT UNPACKING pc=0x000001c966064422 sp=0x0000000baaffc578 mode 2
Event: 24.408 Thread 0x000001c95b9797f0 DEOPT PACKING pc=0x000001c95ee01cba sp=0x0000000baaffc3f0
Event: 24.408 Thread 0x000001c95b9797f0 DEOPT UNPACKING pc=0x000001c966064bc2 sp=0x0000000baaffb8b0 mode 0
Event: 26.932 Thread 0x000001c95b9797f0 DEOPT PACKING pc=0x000001c95ed1c444 sp=0x0000000baaffb430
Event: 26.932 Thread 0x000001c95b9797f0 DEOPT UNPACKING pc=0x000001c966064bc2 sp=0x0000000baaffa898 mode 0

Classes loaded (20 events):
Event: 14.585 Loading class java/util/ArrayList$ListItr
Event: 14.586 Loading class java/util/ArrayList$ListItr done
Event: 17.350 Loading class java/util/PriorityQueue
Event: 17.352 Loading class java/util/PriorityQueue done
Event: 18.184 Loading class java/security/AccessControlException
Event: 18.184 Loading class java/security/AccessControlException done
Event: 18.281 Loading class java/text/StringCharacterIterator
Event: 18.282 Loading class java/text/CharacterIterator
Event: 18.282 Loading class java/text/CharacterIterator done
Event: 18.282 Loading class java/text/StringCharacterIterator done
Event: 20.286 Loading class java/util/concurrent/atomic/AtomicIntegerArray
Event: 20.287 Loading class java/util/concurrent/atomic/AtomicIntegerArray done
Event: 20.287 Loading class java/util/concurrent/atomic/AtomicLongArray
Event: 20.287 Loading class java/util/concurrent/atomic/AtomicLongArray done
Event: 21.248 Loading class java/lang/annotation/ElementType
Event: 21.248 Loading class java/lang/annotation/ElementType done
Event: 21.248 Loading class java/lang/Override
Event: 21.248 Loading class java/lang/Override done
Event: 25.787 Loading class java/util/ArrayList$SubList$1
Event: 25.787 Loading class java/util/ArrayList$SubList$1 done

Classes unloaded (0 events):
No events

Classes redefined (0 events):
No events

Internal exceptions (20 events):
Event: 2.125 Thread 0x000001c95b9797f0 Exception <a 'java/lang/NoSuchMethodError'{0x00000007061024e0}: 'void java.lang.invoke.Invokers$Holder.invokeExact_MT(java.lang.Object, int, java.lang.Object)'> (0x00000007061024e0) 
thrown [s\src\hotspot\share\interpreter\linkResolver.cpp, line 784]
Event: 2.212 Thread 0x000001c95b9797f0 Exception <a 'java/lang/NoSuchMethodError'{0x0000000705f71d78}: 'long java.lang.invoke.DirectMethodHandle$Holder.invokeStatic(java.lang.Object, java.lang.Object, int)'> (0x0000000705f71d78) 
thrown [s\src\hotspot\share\interpreter\linkResolver.cpp, line 784]
Event: 2.214 Thread 0x000001c95b9797f0 Exception <a 'java/lang/NoSuchMethodError'{0x0000000705f7d010}: 'java.lang.Object java.lang.invoke.DelegatingMethodHandle$Holder.reinvoke_L(java.lang.Object, int, long, java.lang.Object, java.lang.Object, int, java.lang.Object)'> (0x0000000705f7d010) 
thrown [s\src\hotspot\share\interpreter\linkResolver.cpp, line 784]
Event: 2.284 Thread 0x000001c95b9797f0 Exception <a 'java/lang/NoSuchMethodError'{0x0000000705c302b8}: 'java.lang.Object java.lang.invoke.DirectMethodHandle$Holder.invokeStatic(java.lang.Object, java.lang.Object, long, long)'> (0x0000000705c302b8) 
thrown [s\src\hotspot\share\interpreter\linkResolver.cpp, line 784]
Event: 2.291 Thread 0x000001c95b9797f0 Exception <a 'java/lang/NoSuchMethodError'{0x0000000705c632c8}: 'java.lang.Object java.lang.invoke.DirectMethodHandle$Holder.newInvokeSpecial(java.lang.Object, java.lang.Object, java.lang.Object, long)'> (0x0000000705c632c8) 
thrown [s\src\hotspot\share\interpreter\linkResolver.cpp, line 784]
Event: 2.291 Thread 0x000001c95b9797f0 Exception <a 'java/lang/NoSuchMethodError'{0x0000000705c66e38}: 'java.lang.Object java.lang.invoke.Invokers$Holder.linkToTargetMethod(java.lang.Object, java.lang.Object, long, java.lang.Object)'> (0x0000000705c66e38) 
thrown [s\src\hotspot\share\interpreter\linkResolver.cpp, line 784]
Event: 2.396 Thread 0x000001c95b9797f0 Implicit null exception at 0x000001c966630767 to 0x000001c966630b7c
Event: 2.405 Thread 0x000001c95b9797f0 Implicit null exception at 0x000001c96663dae6 to 0x000001c96663e27c
Event: 9.428 Thread 0x000001c95b9797f0 Exception <a 'java/lang/NoSuchMethodError'{0x000000070709a5b0}: 'java.lang.Object java.lang.invoke.DirectMethodHandle$Holder.newInvokeSpecial(java.lang.Object, java.lang.Object, java.lang.Object, java.lang.Object, java.lang.Object, java.lang.Object)'> (0x000000070709a5b0) 
thrown [s\src\hotspot\share\interpreter\linkResolver.cpp, line 784]
Event: 9.488 Thread 0x000001c95b9797f0 Exception <a 'java/lang/NoSuchMethodError'{0x0000000707140378}: 'java.lang.Object java.lang.invoke.DirectMethodHandle$Holder.newInvokeSpecial(java.lang.Object, java.lang.Object, java.lang.Object, java.lang.Object, java.lang.Object, java.lang.Object, java.lang.Object)'> (0x0000000707140378) 
thrown [s\src\hotspot\share\interpreter\linkResolver.cpp, line 784]
Event: 13.168 Thread 0x000001c95b9797f0 Exception <a 'java/lang/NoSuchMethodError'{0x000000071493f818}: 'java.lang.Object java.lang.invoke.DirectMethodHandle$Holder.newInvokeSpecial(java.lang.Object, java.lang.Object, int, int)'> (0x000000071493f818) 
thrown [s\src\hotspot\share\interpreter\linkResolver.cpp, line 784]
Event: 13.170 Thread 0x000001c95b9797f0 Exception <a 'java/lang/NoSuchMethodError'{0x0000000714943828}: 'java.lang.Object java.lang.invoke.DirectMethodHandle$Holder.invokeSpecial(java.lang.Object, java.lang.Object, java.lang.Object, int, int)'> (0x0000000714943828) 
thrown [s\src\hotspot\share\interpreter\linkResolver.cpp, line 784]
Event: 15.936 Thread 0x000001c95b9797f0 Exception <a 'java/lang/NoSuchMethodError'{0x0000000706f8c648}: 'java.lang.Object java.lang.invoke.DirectMethodHandle$Holder.newInvokeSpecial(java.lang.Object, java.lang.Object, java.lang.Object, int)'> (0x0000000706f8c648) 
thrown [s\src\hotspot\share\interpreter\linkResolver.cpp, line 784]
Event: 15.938 Thread 0x000001c95b9797f0 Exception <a 'java/lang/NoSuchMethodError'{0x0000000706f90808}: 'java.lang.Object java.lang.invoke.DirectMethodHandle$Holder.invokeSpecial(java.lang.Object, java.lang.Object, java.lang.Object, java.lang.Object, int)'> (0x0000000706f90808) 
thrown [s\src\hotspot\share\interpreter\linkResolver.cpp, line 784]
Event: 15.948 Thread 0x000001c95b9797f0 Exception <a 'java/lang/NoSuchMethodError'{0x0000000706f93f60}: 'java.lang.Object java.lang.invoke.Invokers$Holder.linkToTargetMethod(java.lang.Object, java.lang.Object, int, java.lang.Object)'> (0x0000000706f93f60) 
thrown [s\src\hotspot\share\interpreter\linkResolver.cpp, line 784]
Event: 18.042 Thread 0x000001c95b9797f0 Exception <a 'java/lang/NoSuchMethodError'{0x00000007073cf690}: 'java.lang.Object java.lang.invoke.DirectMethodHandle$Holder.newInvokeSpecial(java.lang.Object, java.lang.Object, java.lang.Object, int, java.lang.Object)'> (0x00000007073cf690) 
thrown [s\src\hotspot\share\interpreter\linkResolver.cpp, line 784]
Event: 21.456 Thread 0x000001c95b9797f0 Exception <a 'java/lang/NoSuchMethodError'{0x0000000712df2008}: 'java.lang.Object java.lang.invoke.DirectMethodHandle$Holder.newInvokeSpecial(java.lang.Object, java.lang.Object, java.lang.Object, java.lang.Object, int)'> (0x0000000712df2008) 
thrown [s\src\hotspot\share\interpreter\linkResolver.cpp, line 784]
Event: 21.458 Thread 0x000001c95b9797f0 Exception <a 'java/lang/NoSuchMethodError'{0x0000000712df6410}: 'java.lang.Object java.lang.invoke.DirectMethodHandle$Holder.invokeSpecial(java.lang.Object, java.lang.Object, java.lang.Object, java.lang.Object, java.lang.Object, int)'> (0x0000000712df6410) 
thrown [s\src\hotspot\share\interpreter\linkResolver.cpp, line 784]
Event: 21.458 Thread 0x000001c95b9797f0 Exception <a 'java/lang/NoSuchMethodError'{0x0000000712dfa150}: 'java.lang.Object java.lang.invoke.Invokers$Holder.linkToTargetMethod(java.lang.Object, java.lang.Object, java.lang.Object, int, java.lang.Object)'> (0x0000000712dfa150) 
thrown [s\src\hotspot\share\interpreter\linkResolver.cpp, line 784]
Event: 21.509 Thread 0x000001c95b9797f0 Implicit null exception at 0x000001c96669043e to 0x000001c96669070c

ZGC Phase Switch (0 events):
No events

VM Operations (20 events):
Event: 18.192 Executing VM operation: HandshakeAllThreads (Deoptimize) done
Event: 19.194 Executing VM operation: Cleanup
Event: 19.210 Executing VM operation: Cleanup done
Event: 20.216 Executing VM operation: Cleanup
Event: 20.224 Executing VM operation: Cleanup done
Event: 21.184 Executing VM operation: G1CollectForAllocation (G1 Evacuation Pause)
Event: 21.196 Executing VM operation: G1CollectForAllocation (G1 Evacuation Pause) done
Event: 21.482 Executing VM operation: HandshakeAllThreads (Deoptimize)
Event: 21.482 Executing VM operation: HandshakeAllThreads (Deoptimize) done
Event: 22.484 Executing VM operation: Cleanup
Event: 22.484 Executing VM operation: Cleanup done
Event: 24.426 Executing VM operation: G1CollectForAllocation (G1 Evacuation Pause)
Event: 25.481 Executing VM operation: G1CollectForAllocation (G1 Evacuation Pause) done
Event: 26.256 Executing VM operation: G1CollectForAllocation (G1 Evacuation Pause)
Event: 26.273 Executing VM operation: G1CollectForAllocation (G1 Evacuation Pause) done
Event: 26.306 Executing VM operation: G1PauseRemark
Event: 26.318 Executing VM operation: G1PauseRemark done
Event: 26.331 Executing VM operation: G1PauseCleanup
Event: 26.331 Executing VM operation: G1PauseCleanup done
Event: 26.995 Executing VM operation: G1CollectForAllocation (G1 Evacuation Pause)

Memory protections (0 events):
No events

Nmethod flushes (20 events):
Event: 26.316 Thread 0x000001c97a043cb0 flushing  nmethod 0x000001c95ee02610
Event: 26.316 Thread 0x000001c97a043cb0 flushing  nmethod 0x000001c95ee06b10
Event: 26.316 Thread 0x000001c97a043cb0 flushing  nmethod 0x000001c95ee07a10
Event: 26.316 Thread 0x000001c97a043cb0 flushing  nmethod 0x000001c95ee0a710
Event: 26.316 Thread 0x000001c97a043cb0 flushing  nmethod 0x000001c95ee0ce10
Event: 26.316 Thread 0x000001c97a043cb0 flushing  nmethod 0x000001c95ee0d210
Event: 26.316 Thread 0x000001c97a043cb0 flushing  nmethod 0x000001c95ee0d590
Event: 26.316 Thread 0x000001c97a043cb0 flushing  nmethod 0x000001c95ee0fa90
Event: 26.316 Thread 0x000001c97a043cb0 flushing  nmethod 0x000001c95ee10910
Event: 26.316 Thread 0x000001c97a043cb0 flushing  nmethod 0x000001c95ee10e10
Event: 26.316 Thread 0x000001c97a043cb0 flushing  nmethod 0x000001c95ee11810
Event: 26.316 Thread 0x000001c97a043cb0 flushing  nmethod 0x000001c95ee11c90
Event: 26.316 Thread 0x000001c97a043cb0 flushing  nmethod 0x000001c95ee7a190
Event: 26.316 Thread 0x000001c97a043cb0 flushing  nmethod 0x000001c95ee7a910
Event: 26.316 Thread 0x000001c97a043cb0 flushing  nmethod 0x000001c95ee7ac90
Event: 26.316 Thread 0x000001c97a043cb0 flushing  nmethod 0x000001c95ee7b010
Event: 26.316 Thread 0x000001c97a043cb0 flushing  nmethod 0x000001c95ee82290
Event: 26.316 Thread 0x000001c97a043cb0 flushing  nmethod 0x000001c95ee82c90
Event: 26.316 Thread 0x000001c97a043cb0 flushing  nmethod 0x000001c95eec5390
Event: 26.316 Thread 0x000001c97a043cb0 flushing  nmethod 0x000001c95eec6d90

Events (20 events):
Event: 0.192 Loaded shared library C:\Program Files\Android\Android Studio\jbr\bin\net.dll
Event: 0.195 Loaded shared library C:\Program Files\Android\Android Studio\jbr\bin\nio.dll
Event: 0.220 Thread 0x000001c97a0c9d50 Thread added: 0x000001c97a1794b0
Event: 0.220 Thread 0x000001c97a0c9d50 Thread added: 0x000001c97a179b80
Event: 0.235 Loaded shared library C:\Program Files\Android\Android Studio\jbr\bin\zip.dll
Event: 0.328 Loaded shared library C:\Program Files\Android\Android Studio\jbr\bin\jimage.dll
Event: 0.777 Loaded shared library C:\Program Files\Android\Android Studio\jbr\bin\management.dll
Event: 0.787 Loaded shared library C:\Program Files\Android\Android Studio\jbr\bin\management_ext.dll
Event: 1.041 Thread 0x000001c97a179b80 Thread exited: 0x000001c97a179b80
Event: 1.414 Thread 0x000001c97a1794b0 Thread exited: 0x000001c97a1794b0
Event: 2.295 Thread 0x000001c97a0da800 Thread added: 0x000001c97a17a250
Event: 2.351 Thread 0x000001c97a17a250 Thread added: 0x000001c97a17aff0
Event: 3.075 Thread 0x000001c97a17aff0 Thread exited: 0x000001c97a17aff0
Event: 3.783 Thread 0x000001c97a17a250 Thread exited: 0x000001c97a17a250
Event: 5.451 Thread 0x000001c97a0da800 Thread added: 0x000001c97a17a250
Event: 7.773 Thread 0x000001c97a17a250 Thread exited: 0x000001c97a17a250
Event: 21.810 Thread 0x000001c97a0da800 Thread added: 0x000001c97b6fe670
Event: 24.374 Thread 0x000001c97b6fe670 Thread exited: 0x000001c97b6fe670
Event: 26.992 Thread 0x000001c97a0da800 Thread added: 0x000001c97b6fd200
Event: 26.992 Thread 0x000001c97a0da800 Thread added: 0x000001c97b6fdfa0


Dynamic libraries:
0x00007ff633e80000 - 0x00007ff633e8a000 	C:\Program Files\Android\Android Studio\jbr\bin\java.exe
0x00007ffece760000 - 0x00007ffece9c7000 	C:\WINDOWS\SYSTEM32\ntdll.dll
0x00007ffecd590000 - 0x00007ffecd659000 	C:\WINDOWS\System32\KERNEL32.DLL
0x00007ffecb990000 - 0x00007ffecbd81000 	C:\WINDOWS\System32\KERNELBASE.dll
0x00007ffecc1f0000 - 0x00007ffecc33b000 	C:\WINDOWS\System32\ucrtbase.dll
0x00007ffe1d060000 - 0x00007ffe1d078000 	C:\Program Files\Android\Android Studio\jbr\bin\jli.dll
0x00007ffe4bfc0000 - 0x00007ffe4bfdb000 	C:\Program Files\Android\Android Studio\jbr\bin\VCRUNTIME140.dll
0x00007ffece3a0000 - 0x00007ffece565000 	C:\WINDOWS\System32\USER32.dll
0x00007ffecb960000 - 0x00007ffecb987000 	C:\WINDOWS\System32\win32u.dll
0x00007ffeb0b20000 - 0x00007ffeb0db3000 	C:\WINDOWS\WinSxS\amd64_microsoft.windows.common-controls_6595b64144ccf1df_6.0.26100.8037_none_3e092faae333b53b\COMCTL32.dll
0x00007ffecc6a0000 - 0x00007ffecc6cb000 	C:\WINDOWS\System32\GDI32.dll
0x00007ffece2f0000 - 0x00007ffece399000 	C:\WINDOWS\System32\msvcrt.dll
0x00007ffecc3d0000 - 0x00007ffecc4fb000 	C:\WINDOWS\System32\gdi32full.dll
0x00007ffecb8b0000 - 0x00007ffecb953000 	C:\WINDOWS\System32\msvcp_win.dll
0x00007ffece6e0000 - 0x00007ffece711000 	C:\WINDOWS\System32\IMM32.DLL
0x00007ffeb3fe0000 - 0x00007ffeb3fec000 	C:\Program Files\Android\Android Studio\jbr\bin\vcruntime140_1.dll
0x00007ffe1cfd0000 - 0x00007ffe1d05d000 	C:\Program Files\Android\Android Studio\jbr\bin\msvcp140.dll
0x00007ffe39330000 - 0x00007ffe39fc6000 	C:\Program Files\Android\Android Studio\jbr\bin\server\jvm.dll
0x00007ffecc6f0000 - 0x00007ffecc7ab000 	C:\WINDOWS\System32\ADVAPI32.dll
0x00007ffecc950000 - 0x00007ffecc9f7000 	C:\WINDOWS\System32\sechost.dll
0x00007ffecdd10000 - 0x00007ffecde28000 	C:\WINDOWS\System32\RPCRT4.dll
0x00007ffecd660000 - 0x00007ffecd6d4000 	C:\WINDOWS\System32\WS2_32.dll
0x00007ffebb8e0000 - 0x00007ffebb8eb000 	C:\WINDOWS\SYSTEM32\VERSION.dll
0x00007ffec2fd0000 - 0x00007ffec3005000 	C:\WINDOWS\SYSTEM32\WINMM.dll
0x00007ffecaea0000 - 0x00007ffecaefe000 	C:\WINDOWS\SYSTEM32\POWRPROF.dll
0x00007ffecae80000 - 0x00007ffecae94000 	C:\WINDOWS\SYSTEM32\UMPDC.dll
0x00007ffec9dd0000 - 0x00007ffec9deb000 	C:\WINDOWS\SYSTEM32\kernel.appcore.dll
0x00007ffe7dd00000 - 0x00007ffe7dd0a000 	C:\Program Files\Android\Android Studio\jbr\bin\jimage.dll
0x00007ffeb0df0000 - 0x00007ffeb1032000 	C:\WINDOWS\SYSTEM32\DBGHELP.DLL
0x00007ffecd8c0000 - 0x00007ffecdc42000 	C:\WINDOWS\System32\combase.dll
0x00007ffecd6e0000 - 0x00007ffecd7b7000 	C:\WINDOWS\System32\OLEAUT32.dll
0x00007ffeac5b0000 - 0x00007ffeac5eb000 	C:\WINDOWS\SYSTEM32\dbgcore.DLL
0x00007ffecc140000 - 0x00007ffecc1e5000 	C:\WINDOWS\System32\bcryptPrimitives.dll
0x00007ffe4bd70000 - 0x00007ffe4bd90000 	C:\Program Files\Android\Android Studio\jbr\bin\java.dll
0x00007ffe4bd50000 - 0x00007ffe4bd68000 	C:\Program Files\Android\Android Studio\jbr\bin\zip.dll
0x00007ffeccd90000 - 0x00007ffecd4ef000 	C:\WINDOWS\System32\SHELL32.dll
0x00007ffecbfd0000 - 0x00007ffecc13a000 	C:\WINDOWS\System32\wintypes.dll
0x00007ffecb040000 - 0x00007ffecb8a4000 	C:\WINDOWS\System32\windows.storage.dll
0x00007ffecc590000 - 0x00007ffecc687000 	C:\WINDOWS\System32\SHCORE.dll
0x00007ffece5f0000 - 0x00007ffece657000 	C:\WINDOWS\System32\shlwapi.dll
0x00007ffecaf60000 - 0x00007ffecaf89000 	C:\WINDOWS\SYSTEM32\profapi.dll
0x00007ffe4c630000 - 0x00007ffe4c640000 	C:\Program Files\Android\Android Studio\jbr\bin\net.dll
0x00007ffebd520000 - 0x00007ffebd647000 	C:\WINDOWS\SYSTEM32\WINHTTP.dll
0x00007ffeca340000 - 0x00007ffeca3ab000 	C:\WINDOWS\system32\mswsock.dll
0x00007ffe44ab0000 - 0x00007ffe44ac6000 	C:\Program Files\Android\Android Studio\jbr\bin\nio.dll
0x00007ffe4b550000 - 0x00007ffe4b559000 	C:\Program Files\Android\Android Studio\jbr\bin\management.dll
0x00007ffe4a410000 - 0x00007ffe4a41b000 	C:\Program Files\Android\Android Studio\jbr\bin\management_ext.dll
0x00007ffecc690000 - 0x00007ffecc698000 	C:\WINDOWS\System32\PSAPI.DLL
0x00007ffe39ff0000 - 0x00007ffe3a000000 	C:\Program Files\Android\Android Studio\jbr\bin\verify.dll

JVMTI agents: none

dbghelp: loaded successfully - version: 4.0.5 - missing functions: none
symbol engine: initialized successfully - sym options: 0x614 - pdb path: .;C:\Program Files\Android\Android Studio\jbr\bin;C:\WINDOWS\SYSTEM32;C:\WINDOWS\WinSxS\amd64_microsoft.windows.common-controls_6595b64144ccf1df_6.0.26100.8037_none_3e092faae333b53b;C:\Program Files\Android\Android Studio\jbr\bin\server

VM Arguments:
java_command: org.jetbrains.kotlin.cli.jvm.K2JVMCompiler @C:\Users\bhati\AndroidStudioProjects\VideoEditingApp\app\build\20260628_1746756130091560168.compiler.options
java_class_path (initial): C:\Users\bhati\.gradle\caches\modules-2\files-2.1\org.jetbrains.kotlin\kotlin-compiler-embeddable\2.2.10\6882d39ef03b18879c1a5d2a83c2212361bed5fe\kotlin-compiler-embeddable-2.2.10.jar;C:\Users\bhati\.gradle\caches\modules-2\files-2.1\org.jetbrains.kotlin\kotlin-stdlib\2.2.10\30de6faa127a4a012db8e71bf1b9c0a99b1402b2\kotlin-stdlib-2.2.10.jar;C:\Users\bhati\.gradle\caches\modules-2\files-2.1\org.jetbrains.kotlin\kotlin-script-runtime\2.2.10\712f9bc08f378c13a4a00f0bbb28c76e59183e83\kotlin-script-runtime-2.2.10.jar;C:\Users\bhati\.gradle\caches\modules-2\files-2.1\org.jetbrains.kotlin\kotlin-reflect\1.6.10\1cbe9c92c12a94eea200d23c2bbaedaf3daf5132\kotlin-reflect-1.6.10.jar;C:\Users\bhati\.gradle\caches\modules-2\files-2.1\org.jetbrains.kotlin\kotlin-daemon-embeddable\2.2.10\212fd3c2c6e4e5d0f4db3c4191233e2b622380cc\kotlin-daemon-embeddable-2.2.10.jar;C:\Users\bhati\.gradle\caches\modules-2\files-2.1\org.jetbrains.kotlinx\kotlinx-coroutines-core-jvm\1.8.0\ac1dc37a30a93150b704022f8d895ee1bd3a36b3\kotlinx-coroutines-core-jvm-1.8.0.jar;C:\Users\bhati\.gradle\caches\modules-2\files-2.1\org.jetbrains\annotations\13.0\919f0dfe192fb4e063e7dacadee7f8bb9a2672a9\annotations-13.0.jar
Launcher Type: SUN_STANDARD

[Global flags]
     intx CICompilerCount                          = 4                                         {product} {ergonomic}
     uint ConcGCThreads                            = 3                                         {product} {ergonomic}
     uint G1ConcRefinementThreads                  = 10                                        {product} {ergonomic}
   size_t G1HeapRegionSize                         = 2097152                                   {product} {ergonomic}
    uintx GCDrainStackTargetSize                   = 64                                        {product} {ergonomic}
   size_t InitialHeapSize                          = 264241152                                 {product} {ergonomic}
   size_t MarkStackSize                            = 4194304                                   {product} {ergonomic}
   size_t MaxHeapSize                              = 4213178368                                {product} {ergonomic}
   size_t MaxNewSize                               = 2527068160                                {product} {ergonomic}
   size_t MinHeapDeltaBytes                        = 2097152                                   {product} {ergonomic}
   size_t MinHeapSize                              = 8388608                                   {product} {ergonomic}
    uintx NonNMethodCodeHeapSize                   = 5839372                                {pd product} {ergonomic}
    uintx NonProfiledCodeHeapSize                  = 122909434                              {pd product} {ergonomic}
    uintx ProfiledCodeHeapSize                     = 122909434                              {pd product} {ergonomic}
    uintx ReservedCodeCacheSize                    = 251658240                              {pd product} {ergonomic}
     bool SegmentedCodeCache                       = true                                      {product} {ergonomic}
   size_t SoftMaxHeapSize                          = 4213178368                             {manageable} {ergonomic}
     bool UseCompressedOops                        = true                           {product lp64_product} {ergonomic}
     bool UseG1GC                                  = true                                      {product} {ergonomic}
     bool UseLargePagesIndividualAllocation        = false                                  {pd product} {ergonomic}

Logging:
Log output configuration:
 #0: stdout all=warning uptime,level,tags foldmultilines=false
 #1: stderr all=off uptime,level,tags foldmultilines=false

Release file:
JAVA_VERSION="21.0.9" 
MODULES="java.base java.compiler java.datatransfer java.xml java.prefs java.desktop java.instrument java.logging java.management java.security.sasl java.naming java.rmi java.management.rmi java.net.http java.scripting java.security.jgss java.transaction.xa java.sql java.sql.rowset java.xml.crypto java.se java.smartcardio jdk.accessibility jdk.internal.jvmstat jdk.attach jdk.charsets jdk.internal.opt jdk.zipfs jdk.compiler jdk.crypto.ec jdk.crypto.cryptoki jdk.dynalink jdk.hotspot.agent jdk.httpserver jdk.internal.ed jdk.internal.le jdk.internal.vm.ci jdk.jartool jdk.javadoc jdk.jcmd jdk.jdeps jdk.jdwp.agent jdk.jdi jdk.jfr jdk.jlink jdk.jsobject jdk.localedata jdk.management jdk.management.agent jdk.management.jfr jdk.naming.dns jdk.naming.rmi jdk.net jdk.sctp jdk.security.auth jdk.security.jgss jdk.unsupported jdk.unsupported.desktop jdk.xml.dom" 
IMPLEMENTOR="JetBrains s.r.o." 
JAVA_RUNTIME_VERSION="21.0.9+-14649483-b1163.86" 
LIBC="default" 
OS_ARCH="x86_64" 
OS_NAME="Windows" 
SOURCE=".:git:554d0c326095" 

Environment Variables:
PATH=C:\Program Files\Common Files\Oracle\Java\javapath;C:\app\bhati\product\11.1.0\db_6\bin;C:\app\bhati\product\11.1.0\db_1\bin;C:\WINDOWS\system32;C:\WINDOWS;C:\WINDOWS\System32\Wbem;C:\WINDOWS\System32\WindowsPowerShell\v1.0\;C:\WINDOWS\System32\OpenSSH\;C:\Program Files\dotnet\;C:\Program Files\Git\cmd;C:\Users\bhati\AppData\Local\Programs\Python\Python314\;C:\Users\bhati\AppData\Local\Programs\Python\Python314\Scripts\;C:\Users\bhati\AppData\Local\Programs\Python\Launcher\;C:\Users\bhati\AppData\Local\Microsoft\WindowsApps;C:\Users\bhati\AppData\Local\Programs\Microsoft VS Code\bin;C:\Users\bhati\AppData\Local\Python\bin;C:\Users\bhati\.dotnet\tools;C:\ProgramData\bhati\GitHubDesktop\bin;C:\Users\bhati\AppData\Local\GitHubDesktop\bin;C:\Users\bhati\AppData\Local\Programs\Kiro\bin;C:\Program Files\JetBrains\IntelliJ IDEA 2026.1.3\bin
USERNAME=bhati
OS=Windows_NT
PROCESSOR_IDENTIFIER=Intel64 Family 6 Model 186 Stepping 3, GenuineIntel
TMP=C:\Users\bhati\AppData\Local\Temp
TEMP=C:\Users\bhati\AppData\Local\Temp




Periodic native trim disabled

JNI global refs:
JNI global refs: 12, weak refs: 4

JNI global refs memory usage: 835, weak refs: 833

Process memory usage:
Resident Set Size: 176552K (1% of 16453060K total physical memory with 2645552K free physical memory)

OOME stack traces (most recent first):
Classloader memory used:
Loader jdk.internal.loader.ClassLoaders$AppClassLoader                                 : 38173K
Loader bootstrap                                                                       : 11417K
Loader jdk.internal.jrtfs.JrtFileSystemProvider$JrtFsLoader                            : 305K
Loader jdk.internal.loader.ClassLoaders$PlatformClassLoader                            : 67880B

Classes loaded by more than one classloader:
Class jdk.internal.jimage.BasicImageReader                                            : loaded 2 times (x 95B)
Class jdk.internal.jimage.decompressor.StringSharingDecompressorFactory               : loaded 2 times (x 74B)
Class jdk.internal.jrtfs.JrtFileSystemProvider                                        : loaded 2 times (x 101B)
Class jdk.internal.jimage.ImageLocation                                               : loaded 2 times (x 90B)
Class jdk.internal.jimage.ImageBufferCache$1                                          : loaded 2 times (x 83B)
Class jdk.internal.jimage.ImageBufferCache$2                                          : loaded 2 times (x 91B)
Class jdk.internal.jimage.ImageHeader                                                 : loaded 2 times (x 71B)
Class jdk.internal.jimage.decompressor.ResourceDecompressor                           : loaded 2 times (x 70B)
Class jdk.internal.jimage.ImageStringsReader                                          : loaded 2 times (x 80B)
Class jdk.internal.jimage.ImageReader                                                 : loaded 2 times (x 75B)
Class jdk.internal.jimage.ImageReader$SharedImageReader                               : loaded 2 times (x 95B)
Class jdk.internal.jimage.decompressor.ResourceDecompressorFactory                    : loaded 2 times (x 74B)
Class jdk.internal.jimage.ImageReader$Node                                            : loaded 2 times (x 84B)
Class jdk.internal.jimage.BasicImageReader$1                                          : loaded 2 times (x 77B)
Class jdk.internal.jimage.decompressor.Decompressor                                   : loaded 2 times (x 72B)
Class jdk.internal.jimage.ImageBufferCache                                            : loaded 2 times (x 71B)
Class jdk.internal.jrtfs.JrtPath                                                      : loaded 2 times (x 118B)
Class jdk.internal.jimage.decompressor.ResourceDecompressorRepository                 : loaded 2 times (x 71B)
Class jdk.internal.jimage.ImageReader$Directory                                       : loaded 2 times (x 84B)
Class jdk.internal.jimage.decompressor.ZipDecompressorFactory                         : loaded 2 times (x 74B)
Class jdk.internal.jimage.decompressor.ZipDecompressor                                : loaded 2 times (x 75B)
Class jdk.internal.jimage.ImageStrings                                                : loaded 2 times (x 70B)
Class jdk.internal.jrtfs.JrtFileSystem                                                : loaded 2 times (x 102B)
Class jdk.internal.jimage.decompressor.CompressedResourceHeader                       : loaded 2 times (x 71B)
Class jdk.internal.jimage.decompressor.ResourceDecompressor$StringsProvider           : loaded 2 times (x 70B)

---------------  S Y S T E M  ---------------

OS:
 Windows 11 , 64 bit Build 26100 (10.0.26100.7920)
OS uptime: 1 days 21:57 hours
Hyper-V role detected

CPU: total 12 (initial active 12) (6 cores per cpu, 2 threads per core) family 6 model 186 stepping 3 microcode 0x411f, cx8, cmov, fxsr, ht, mmx, 3dnowpref, sse, sse2, sse3, ssse3, sse4.1, sse4.2, popcnt, lzcnt, tsc, tscinvbit, avx, avx2, aes, erms, clmul, bmi1, bmi2, adx, sha, fma, vzeroupper, clflush, clflushopt, clwb, hv, serialize, rdtscp, rdpid, fsrm, f16c, cet_ibt, cet_ss
Processor Information for processor 0
  Max Mhz: 1300, Current Mhz: 1300, Mhz Limit: 1300
Processor Information for processor 1
  Max Mhz: 1300, Current Mhz: 1300, Mhz Limit: 1300
Processor Information for processor 2
  Max Mhz: 1300, Current Mhz: 1300, Mhz Limit: 1300
Processor Information for processor 3
  Max Mhz: 1300, Current Mhz: 1300, Mhz Limit: 1300
Processor Information for processor 4
  Max Mhz: 1300, Current Mhz: 900, Mhz Limit: 897
Processor Information for processor 5
  Max Mhz: 1300, Current Mhz: 900, Mhz Limit: 897
Processor Information for processor 6
  Max Mhz: 1300, Current Mhz: 900, Mhz Limit: 897
Processor Information for processor 7
  Max Mhz: 1300, Current Mhz: 900, Mhz Limit: 897
Processor Information for processor 8
  Max Mhz: 1300, Current Mhz: 900, Mhz Limit: 897
Processor Information for processor 9
  Max Mhz: 1300, Current Mhz: 900, Mhz Limit: 897
Processor Information for processor 10
  Max Mhz: 1300, Current Mhz: 900, Mhz Limit: 897
Processor Information for processor 11
  Max Mhz: 1300, Current Mhz: 900, Mhz Limit: 897

Memory: 4k page, system-wide physical 16067M (2588M free)
TotalPageFile size 16067M (AvailPageFile size 74M)
current process WorkingSet (physical memory assigned to process): 173M, peak: 191M
current process commit charge ("private bytes"): 210M, peak: 363M

vm_info: OpenJDK 64-Bit Server VM (21.0.9+-14649483-b1163.86) for windows-amd64 JRE (21.0.9+-14649483-b1163.86), built on 2025-12-30T22:08:35Z by "builder" with MS VC++ 16.10 / 16.11 (VS2019)

END.
